// Jest Snapshot v1, https://goo.gl/fbAQLP

exports[`PokemonPage.vue should match the snapshot when the Pokémons are loaded 1`] = `
<div>
  <h1>Who's that Pokémon?</h1>
  <div class="pokemon-container"><img src="https://raw.githubusercontent.com/PokeAPI/sprites/master/sprites/pokemon/other/dream-world/1.svg" class="hidden-pokemon" alt="Pokémon"></div>
  <div class="options-container">
    <ul>
      <li>pikachu</li>
      <li>charmander</li>
      <li>ivysaur</li>
      <li>voltorb</li>
    </ul>
  </div>
  <!--v-if-->
</div>
`;

exports[`PokemonPage.vue should match the snapshot. 1`] = `<h1>Wait a sec...</h1>`;
