// Jest Snapshot v1, https://goo.gl/fbAQLP

exports[`PokemonOptions.vue should match the snapshot. 1`] = `
<div class="options-container">
  <ul>
    <li>pikachu</li>
    <li>charmander</li>
    <li>ivysaur</li>
    <li>voltorb</li>
  </ul>
</div>
`;
